// Jest Snapshot v1, https://goo.gl/fbAQLP

exports[`<Touch /> renders correctly 1`] = `
<View
  accessible={true}
  isTVSelectable={true}
  onResponderGrant={[Function]}
  onResponderMove={[Function]}
  onResponderRelease={[Function]}
  onResponderTerminate={[Function]}
  onResponderTerminationRequest={[Function]}
  onStartShouldSetResponder={[Function]}
  style={
    Object {
      "alignItems": "center",
      "backgroundColor": "#1d2d3a",
      "borderColor": "#1d2d3a",
      "borderRadius": 4,
      "borderWidth": 0.5,
      "height": 48,
      "justifyContent": "center",
      "opacity": 1,
      "paddingHorizontal": 24,
      "paddingVertical": 8,
    }
  }
>
  <Text
    style={
      Object {
        "color": "#fff",
        "textAlign": "center",
      }
    }
  >
    
  </Text>
</View>
`;
